// Jest Snapshot v1, https://goo.gl/fbAQLP

exports[`renders without crashing 1`] = `
ShallowWrapper {
  "length": 1,
  Symbol(enzyme.__root__): [Circular],
  Symbol(enzyme.__unrendered__): <Nav />,
  Symbol(enzyme.__renderer__): Object {
    "batchedUpdates": [Function],
    "getNode": [Function],
    "render": [Function],
    "simulateEvent": [Function],
    "unmount": [Function],
  },
  Symbol(enzyme.__node__): Object {
    "instance": null,
    "key": undefined,
    "nodeType": "host",
    "props": Object {
      "children": Array [
        <div
          className="col col-4 flex justify-start undefined"
>
          <NavLink
                    activeClassName="active"
                    aria-current="page"
                    className="ml4 link-text"
                    exact={true}
                    to="/location"
          >
                    Location
          </NavLink>
          <NavLink
                    activeClassName="active"
                    aria-current="page"
                    className="ml4 link-text"
                    exact={true}
                    to="/contact"
          >
                    Contact
          </NavLink>
</div>,
        <div
          className="col col-4 flex justify-center items-center"
>
          <NavLink
                    activeClassName="active"
                    aria-current="page"
                    className="justify-center"
                    exact={true}
                    to="/"
          >
                    <Image
                              alt="Click the Ample Hills Logo to return to the homepage"
                              bg={false}
                              className="w100"
                              onImgLoad={[Function]}
                              src="/assets/images/ample-hills-logo.svg"
                              style={Object {}}
                    />
          </NavLink>
</div>,
        <div
          className="col col-4 flex items-center justify-end clearfix undefined"
>
          <NavLink
                    activeClassName="active"
                    aria-current="page"
                    className="mr4 link-text"
                    exact={true}
                    to="/profile"
          >
                    Profile
          </NavLink>
          <NavLink
                    activeClassName="active"
                    aria-current="page"
                    className="mr4 link-text"
                    exact={true}
                    to="/collections"
          >
                    Collections
          </NavLink>
          <Button
                    className=""
                    color="peach"
                    disabled={false}
                    fullWidth={false}
                    label="Shop Online"
                    onClick={[Function]}
                    to="/products"
                    type="button"
                    variant="secondary"
          />
</div>,
      ],
      "className": "my3 px4 flex items-center clearfix",
    },
    "ref": null,
    "rendered": Array [
      Object {
        "instance": null,
        "key": undefined,
        "nodeType": "host",
        "props": Object {
          "children": Array [
            <NavLink
              activeClassName="active"
              aria-current="page"
              className="ml4 link-text"
              exact={true}
              to="/location"
>
              Location
</NavLink>,
            <NavLink
              activeClassName="active"
              aria-current="page"
              className="ml4 link-text"
              exact={true}
              to="/contact"
>
              Contact
</NavLink>,
          ],
          "className": "col col-4 flex justify-start undefined",
        },
        "ref": null,
        "rendered": Array [
          Object {
            "instance": null,
            "key": undefined,
            "nodeType": "function",
            "props": Object {
              "activeClassName": "active",
              "aria-current": "page",
              "children": "Location",
              "className": "ml4 link-text",
              "exact": true,
              "to": "/location",
            },
            "ref": null,
            "rendered": "Location",
            "type": [Function],
          },
          Object {
            "instance": null,
            "key": undefined,
            "nodeType": "function",
            "props": Object {
              "activeClassName": "active",
              "aria-current": "page",
              "children": "Contact",
              "className": "ml4 link-text",
              "exact": true,
              "to": "/contact",
            },
            "ref": null,
            "rendered": "Contact",
            "type": [Function],
          },
        ],
        "type": "div",
      },
      Object {
        "instance": null,
        "key": undefined,
        "nodeType": "host",
        "props": Object {
          "children": <NavLink
            activeClassName="active"
            aria-current="page"
            className="justify-center"
            exact={true}
            to="/"
>
            <Image
                        alt="Click the Ample Hills Logo to return to the homepage"
                        bg={false}
                        className="w100"
                        onImgLoad={[Function]}
                        src="/assets/images/ample-hills-logo.svg"
                        style={Object {}}
            />
</NavLink>,
          "className": "col col-4 flex justify-center items-center",
        },
        "ref": null,
        "rendered": Object {
          "instance": null,
          "key": undefined,
          "nodeType": "function",
          "props": Object {
            "activeClassName": "active",
            "aria-current": "page",
            "children": <Image
              alt="Click the Ample Hills Logo to return to the homepage"
              bg={false}
              className="w100"
              onImgLoad={[Function]}
              src="/assets/images/ample-hills-logo.svg"
              style={Object {}}
/>,
            "className": "justify-center",
            "exact": true,
            "to": "/",
          },
          "ref": null,
          "rendered": Object {
            "instance": null,
            "key": undefined,
            "nodeType": "class",
            "props": Object {
              "alt": "Click the Ample Hills Logo to return to the homepage",
              "bg": false,
              "children": null,
              "className": "w100",
              "onImgLoad": [Function],
              "src": "/assets/images/ample-hills-logo.svg",
              "style": Object {},
            },
            "ref": null,
            "rendered": null,
            "type": [Function],
          },
          "type": [Function],
        },
        "type": "div",
      },
      Object {
        "instance": null,
        "key": undefined,
        "nodeType": "host",
        "props": Object {
          "children": Array [
            <NavLink
              activeClassName="active"
              aria-current="page"
              className="mr4 link-text"
              exact={true}
              to="/profile"
>
              Profile
</NavLink>,
            <NavLink
              activeClassName="active"
              aria-current="page"
              className="mr4 link-text"
              exact={true}
              to="/collections"
>
              Collections
</NavLink>,
            <Button
              className=""
              color="peach"
              disabled={false}
              fullWidth={false}
              label="Shop Online"
              onClick={[Function]}
              to="/products"
              type="button"
              variant="secondary"
/>,
          ],
          "className": "col col-4 flex items-center justify-end clearfix undefined",
        },
        "ref": null,
        "rendered": Array [
          Object {
            "instance": null,
            "key": undefined,
            "nodeType": "function",
            "props": Object {
              "activeClassName": "active",
              "aria-current": "page",
              "children": "Profile",
              "className": "mr4 link-text",
              "exact": true,
              "to": "/profile",
            },
            "ref": null,
            "rendered": "Profile",
            "type": [Function],
          },
          Object {
            "instance": null,
            "key": undefined,
            "nodeType": "function",
            "props": Object {
              "activeClassName": "active",
              "aria-current": "page",
              "children": "Collections",
              "className": "mr4 link-text",
              "exact": true,
              "to": "/collections",
            },
            "ref": null,
            "rendered": "Collections",
            "type": [Function],
          },
          Object {
            "instance": null,
            "key": undefined,
            "nodeType": "function",
            "props": Object {
              "className": "",
              "color": "peach",
              "disabled": false,
              "fullWidth": false,
              "label": "Shop Online",
              "onClick": [Function],
              "to": "/products",
              "type": "button",
              "variant": "secondary",
            },
            "ref": null,
            "rendered": null,
            "type": [Function],
          },
        ],
        "type": "div",
      },
    ],
    "type": "div",
  },
  Symbol(enzyme.__nodes__): Array [
    Object {
      "instance": null,
      "key": undefined,
      "nodeType": "host",
      "props": Object {
        "children": Array [
          <div
            className="col col-4 flex justify-start undefined"
>
            <NavLink
                        activeClassName="active"
                        aria-current="page"
                        className="ml4 link-text"
                        exact={true}
                        to="/location"
            >
                        Location
            </NavLink>
            <NavLink
                        activeClassName="active"
                        aria-current="page"
                        className="ml4 link-text"
                        exact={true}
                        to="/contact"
            >
                        Contact
            </NavLink>
</div>,
          <div
            className="col col-4 flex justify-center items-center"
>
            <NavLink
                        activeClassName="active"
                        aria-current="page"
                        className="justify-center"
                        exact={true}
                        to="/"
            >
                        <Image
                                    alt="Click the Ample Hills Logo to return to the homepage"
                                    bg={false}
                                    className="w100"
                                    onImgLoad={[Function]}
                                    src="/assets/images/ample-hills-logo.svg"
                                    style={Object {}}
                        />
            </NavLink>
</div>,
          <div
            className="col col-4 flex items-center justify-end clearfix undefined"
>
            <NavLink
                        activeClassName="active"
                        aria-current="page"
                        className="mr4 link-text"
                        exact={true}
                        to="/profile"
            >
                        Profile
            </NavLink>
            <NavLink
                        activeClassName="active"
                        aria-current="page"
                        className="mr4 link-text"
                        exact={true}
                        to="/collections"
            >
                        Collections
            </NavLink>
            <Button
                        className=""
                        color="peach"
                        disabled={false}
                        fullWidth={false}
                        label="Shop Online"
                        onClick={[Function]}
                        to="/products"
                        type="button"
                        variant="secondary"
            />
</div>,
        ],
        "className": "my3 px4 flex items-center clearfix",
      },
      "ref": null,
      "rendered": Array [
        Object {
          "instance": null,
          "key": undefined,
          "nodeType": "host",
          "props": Object {
            "children": Array [
              <NavLink
                activeClassName="active"
                aria-current="page"
                className="ml4 link-text"
                exact={true}
                to="/location"
>
                Location
</NavLink>,
              <NavLink
                activeClassName="active"
                aria-current="page"
                className="ml4 link-text"
                exact={true}
                to="/contact"
>
                Contact
</NavLink>,
            ],
            "className": "col col-4 flex justify-start undefined",
          },
          "ref": null,
          "rendered": Array [
            Object {
              "instance": null,
              "key": undefined,
              "nodeType": "function",
              "props": Object {
                "activeClassName": "active",
                "aria-current": "page",
                "children": "Location",
                "className": "ml4 link-text",
                "exact": true,
                "to": "/location",
              },
              "ref": null,
              "rendered": "Location",
              "type": [Function],
            },
            Object {
              "instance": null,
              "key": undefined,
              "nodeType": "function",
              "props": Object {
                "activeClassName": "active",
                "aria-current": "page",
                "children": "Contact",
                "className": "ml4 link-text",
                "exact": true,
                "to": "/contact",
              },
              "ref": null,
              "rendered": "Contact",
              "type": [Function],
            },
          ],
          "type": "div",
        },
        Object {
          "instance": null,
          "key": undefined,
          "nodeType": "host",
          "props": Object {
            "children": <NavLink
              activeClassName="active"
              aria-current="page"
              className="justify-center"
              exact={true}
              to="/"
>
              <Image
                            alt="Click the Ample Hills Logo to return to the homepage"
                            bg={false}
                            className="w100"
                            onImgLoad={[Function]}
                            src="/assets/images/ample-hills-logo.svg"
                            style={Object {}}
              />
</NavLink>,
            "className": "col col-4 flex justify-center items-center",
          },
          "ref": null,
          "rendered": Object {
            "instance": null,
            "key": undefined,
            "nodeType": "function",
            "props": Object {
              "activeClassName": "active",
              "aria-current": "page",
              "children": <Image
                alt="Click the Ample Hills Logo to return to the homepage"
                bg={false}
                className="w100"
                onImgLoad={[Function]}
                src="/assets/images/ample-hills-logo.svg"
                style={Object {}}
/>,
              "className": "justify-center",
              "exact": true,
              "to": "/",
            },
            "ref": null,
            "rendered": Object {
              "instance": null,
              "key": undefined,
              "nodeType": "class",
              "props": Object {
                "alt": "Click the Ample Hills Logo to return to the homepage",
                "bg": false,
                "children": null,
                "className": "w100",
                "onImgLoad": [Function],
                "src": "/assets/images/ample-hills-logo.svg",
                "style": Object {},
              },
              "ref": null,
              "rendered": null,
              "type": [Function],
            },
            "type": [Function],
          },
          "type": "div",
        },
        Object {
          "instance": null,
          "key": undefined,
          "nodeType": "host",
          "props": Object {
            "children": Array [
              <NavLink
                activeClassName="active"
                aria-current="page"
                className="mr4 link-text"
                exact={true}
                to="/profile"
>
                Profile
</NavLink>,
              <NavLink
                activeClassName="active"
                aria-current="page"
                className="mr4 link-text"
                exact={true}
                to="/collections"
>
                Collections
</NavLink>,
              <Button
                className=""
                color="peach"
                disabled={false}
                fullWidth={false}
                label="Shop Online"
                onClick={[Function]}
                to="/products"
                type="button"
                variant="secondary"
/>,
            ],
            "className": "col col-4 flex items-center justify-end clearfix undefined",
          },
          "ref": null,
          "rendered": Array [
            Object {
              "instance": null,
              "key": undefined,
              "nodeType": "function",
              "props": Object {
                "activeClassName": "active",
                "aria-current": "page",
                "children": "Profile",
                "className": "mr4 link-text",
                "exact": true,
                "to": "/profile",
              },
              "ref": null,
              "rendered": "Profile",
              "type": [Function],
            },
            Object {
              "instance": null,
              "key": undefined,
              "nodeType": "function",
              "props": Object {
                "activeClassName": "active",
                "aria-current": "page",
                "children": "Collections",
                "className": "mr4 link-text",
                "exact": true,
                "to": "/collections",
              },
              "ref": null,
              "rendered": "Collections",
              "type": [Function],
            },
            Object {
              "instance": null,
              "key": undefined,
              "nodeType": "function",
              "props": Object {
                "className": "",
                "color": "peach",
                "disabled": false,
                "fullWidth": false,
                "label": "Shop Online",
                "onClick": [Function],
                "to": "/products",
                "type": "button",
                "variant": "secondary",
              },
              "ref": null,
              "rendered": null,
              "type": [Function],
            },
          ],
          "type": "div",
        },
      ],
      "type": "div",
    },
  ],
  Symbol(enzyme.__options__): Object {
    "adapter": ReactSixteenAdapter {
      "options": Object {
        "enableComponentDidUpdateOnSetState": true,
      },
    },
  },
}
`;
