// Jest Snapshot v1, https://goo.gl/fbAQLP

exports[`renders with data 1`] = `
ShallowWrapper {
  "length": 1,
  Symbol(enzyme.__root__): [Circular],
  Symbol(enzyme.__unrendered__): <Breadcrumbs
    breadcrumbs={
        Array [
            Object {
              "label": "Continue Shopping",
              "to": "/products",
            },
          ]
    }
    className="foo"
/>,
  Symbol(enzyme.__renderer__): Object {
    "batchedUpdates": [Function],
    "getNode": [Function],
    "render": [Function],
    "simulateEvent": [Function],
    "unmount": [Function],
  },
  Symbol(enzyme.__node__): Object {
    "instance": null,
    "key": undefined,
    "nodeType": "host",
    "props": Object {
      "children": Array [
        <div
          className="flex pr1 items-center"
>
          <Image
                    alt=""
                    bg={false}
                    className="w100"
                    onImgLoad={[Function]}
                    src="/assets/images/icon-arrow-left.svg"
                    style={Object {}}
          />
</div>,
        Array [
          <span>
            <Link
                        className="link-text small"
                        replace={false}
                        to="/products"
            >
                        <span>
                                    Continue Shopping
                        </span>
            </Link>
            
</span>,
        ],
      ],
      "className": "foo my3 px2 flex items-center text-peach",
    },
    "ref": null,
    "rendered": Array [
      Object {
        "instance": null,
        "key": undefined,
        "nodeType": "host",
        "props": Object {
          "children": <Image
            alt=""
            bg={false}
            className="w100"
            onImgLoad={[Function]}
            src="/assets/images/icon-arrow-left.svg"
            style={Object {}}
/>,
          "className": "flex pr1 items-center",
        },
        "ref": null,
        "rendered": Object {
          "instance": null,
          "key": undefined,
          "nodeType": "class",
          "props": Object {
            "alt": "",
            "bg": false,
            "children": null,
            "className": "w100",
            "onImgLoad": [Function],
            "src": "/assets/images/icon-arrow-left.svg",
            "style": Object {},
          },
          "ref": null,
          "rendered": null,
          "type": [Function],
        },
        "type": "div",
      },
      Object {
        "instance": null,
        "key": "0",
        "nodeType": "host",
        "props": Object {
          "children": Array [
            <Link
              className="link-text small"
              replace={false}
              to="/products"
>
              <span>
                            Continue Shopping
              </span>
</Link>,
            "",
          ],
        },
        "ref": null,
        "rendered": Array [
          Object {
            "instance": null,
            "key": undefined,
            "nodeType": "class",
            "props": Object {
              "children": <span>
                Continue Shopping
</span>,
              "className": "link-text small",
              "replace": false,
              "to": "/products",
            },
            "ref": null,
            "rendered": Object {
              "instance": null,
              "key": undefined,
              "nodeType": "host",
              "props": Object {
                "children": "Continue Shopping",
              },
              "ref": null,
              "rendered": "Continue Shopping",
              "type": "span",
            },
            "type": [Function],
          },
          "",
        ],
        "type": "span",
      },
    ],
    "type": "div",
  },
  Symbol(enzyme.__nodes__): Array [
    Object {
      "instance": null,
      "key": undefined,
      "nodeType": "host",
      "props": Object {
        "children": Array [
          <div
            className="flex pr1 items-center"
>
            <Image
                        alt=""
                        bg={false}
                        className="w100"
                        onImgLoad={[Function]}
                        src="/assets/images/icon-arrow-left.svg"
                        style={Object {}}
            />
</div>,
          Array [
            <span>
              <Link
                            className="link-text small"
                            replace={false}
                            to="/products"
              >
                            <span>
                                          Continue Shopping
                            </span>
              </Link>
              
</span>,
          ],
        ],
        "className": "foo my3 px2 flex items-center text-peach",
      },
      "ref": null,
      "rendered": Array [
        Object {
          "instance": null,
          "key": undefined,
          "nodeType": "host",
          "props": Object {
            "children": <Image
              alt=""
              bg={false}
              className="w100"
              onImgLoad={[Function]}
              src="/assets/images/icon-arrow-left.svg"
              style={Object {}}
/>,
            "className": "flex pr1 items-center",
          },
          "ref": null,
          "rendered": Object {
            "instance": null,
            "key": undefined,
            "nodeType": "class",
            "props": Object {
              "alt": "",
              "bg": false,
              "children": null,
              "className": "w100",
              "onImgLoad": [Function],
              "src": "/assets/images/icon-arrow-left.svg",
              "style": Object {},
            },
            "ref": null,
            "rendered": null,
            "type": [Function],
          },
          "type": "div",
        },
        Object {
          "instance": null,
          "key": "0",
          "nodeType": "host",
          "props": Object {
            "children": Array [
              <Link
                className="link-text small"
                replace={false}
                to="/products"
>
                <span>
                                Continue Shopping
                </span>
</Link>,
              "",
            ],
          },
          "ref": null,
          "rendered": Array [
            Object {
              "instance": null,
              "key": undefined,
              "nodeType": "class",
              "props": Object {
                "children": <span>
                  Continue Shopping
</span>,
                "className": "link-text small",
                "replace": false,
                "to": "/products",
              },
              "ref": null,
              "rendered": Object {
                "instance": null,
                "key": undefined,
                "nodeType": "host",
                "props": Object {
                  "children": "Continue Shopping",
                },
                "ref": null,
                "rendered": "Continue Shopping",
                "type": "span",
              },
              "type": [Function],
            },
            "",
          ],
          "type": "span",
        },
      ],
      "type": "div",
    },
  ],
  Symbol(enzyme.__options__): Object {
    "adapter": ReactSixteenAdapter {
      "options": Object {
        "enableComponentDidUpdateOnSetState": true,
      },
    },
  },
}
`;

exports[`renders without data 1`] = `
ShallowWrapper {
  "length": 1,
  Symbol(enzyme.__root__): [Circular],
  Symbol(enzyme.__unrendered__): <Breadcrumbs
    breadcrumbs={Array []}
    className=""
/>,
  Symbol(enzyme.__renderer__): Object {
    "batchedUpdates": [Function],
    "getNode": [Function],
    "render": [Function],
    "simulateEvent": [Function],
    "unmount": [Function],
  },
  Symbol(enzyme.__node__): null,
  Symbol(enzyme.__nodes__): Array [
    null,
  ],
  Symbol(enzyme.__options__): Object {
    "adapter": ReactSixteenAdapter {
      "options": Object {
        "enableComponentDidUpdateOnSetState": true,
      },
    },
  },
}
`;
