// Jest Snapshot v1, https://goo.gl/fbAQLP

exports[`renders without data 1`] = `
ShallowWrapper {
  "length": 1,
  Symbol(enzyme.__root__): [Circular],
  Symbol(enzyme.__unrendered__): <Loader />,
  Symbol(enzyme.__renderer__): Object {
    "batchedUpdates": [Function],
    "getNode": [Function],
    "render": [Function],
    "simulateEvent": [Function],
    "unmount": [Function],
  },
  Symbol(enzyme.__node__): Object {
    "instance": null,
    "key": undefined,
    "nodeType": "host",
    "props": Object {
      "children": <Image
        alt=""
        bg={false}
        className="w100"
        onImgLoad={[Function]}
        src="/assets/images/ample-hills-logo.svg"
        style={Object {}}
/>,
      "className": "w100 flex bg-white p2",
    },
    "ref": null,
    "rendered": Object {
      "instance": null,
      "key": undefined,
      "nodeType": "class",
      "props": Object {
        "alt": "",
        "bg": false,
        "children": null,
        "className": "w100",
        "onImgLoad": [Function],
        "src": "/assets/images/ample-hills-logo.svg",
        "style": Object {},
      },
      "ref": null,
      "rendered": null,
      "type": [Function],
    },
    "type": "div",
  },
  Symbol(enzyme.__nodes__): Array [
    Object {
      "instance": null,
      "key": undefined,
      "nodeType": "host",
      "props": Object {
        "children": <Image
          alt=""
          bg={false}
          className="w100"
          onImgLoad={[Function]}
          src="/assets/images/ample-hills-logo.svg"
          style={Object {}}
/>,
        "className": "w100 flex bg-white p2",
      },
      "ref": null,
      "rendered": Object {
        "instance": null,
        "key": undefined,
        "nodeType": "class",
        "props": Object {
          "alt": "",
          "bg": false,
          "children": null,
          "className": "w100",
          "onImgLoad": [Function],
          "src": "/assets/images/ample-hills-logo.svg",
          "style": Object {},
        },
        "ref": null,
        "rendered": null,
        "type": [Function],
      },
      "type": "div",
    },
  ],
  Symbol(enzyme.__options__): Object {
    "adapter": ReactSixteenAdapter {
      "options": Object {
        "enableComponentDidUpdateOnSetState": true,
      },
    },
  },
}
`;
